
AVRASM ver. 2.1.17  C:\Documents and Settings\Shaunak\My Documents\code vision avr projects\NewBoardWithMiniStepper\List\NewBoardWithMiniStepper.asm Sun Jan 11 02:09:31 2009

C:\Documents and Settings\Shaunak\My Documents\code vision avr projects\NewBoardWithMiniStepper\List\NewBoardWithMiniStepper.asm(1016): warning: Register r5 already defined by the .DEF directive
C:\Documents and Settings\Shaunak\My Documents\code vision avr projects\NewBoardWithMiniStepper\List\NewBoardWithMiniStepper.asm(1017): warning: Register r4 already defined by the .DEF directive
C:\Documents and Settings\Shaunak\My Documents\code vision avr projects\NewBoardWithMiniStepper\List\NewBoardWithMiniStepper.asm(1018): warning: Register r7 already defined by the .DEF directive
C:\Documents and Settings\Shaunak\My Documents\code vision avr projects\NewBoardWithMiniStepper\List\NewBoardWithMiniStepper.asm(1019): warning: Register r6 already defined by the .DEF directive
C:\Documents and Settings\Shaunak\My Documents\code vision avr projects\NewBoardWithMiniStepper\List\NewBoardWithMiniStepper.asm(1020): warning: Register r9 already defined by the .DEF directive
C:\Documents and Settings\Shaunak\My Documents\code vision avr projects\NewBoardWithMiniStepper\List\NewBoardWithMiniStepper.asm(1021): warning: Register r8 already defined by the .DEF directive
C:\Documents and Settings\Shaunak\My Documents\code vision avr projects\NewBoardWithMiniStepper\List\NewBoardWithMiniStepper.asm(1022): warning: Register r11 already defined by the .DEF directive
C:\Documents and Settings\Shaunak\My Documents\code vision avr projects\NewBoardWithMiniStepper\List\NewBoardWithMiniStepper.asm(1023): warning: Register r12 already defined by the .DEF directive
C:\Documents and Settings\Shaunak\My Documents\code vision avr projects\NewBoardWithMiniStepper\List\NewBoardWithMiniStepper.asm(1024): warning: Register r10 already defined by the .DEF directive
                 
                 
                 ;CodeVisionAVR C Compiler V2.03.8a Evaluation
                 ;(C) Copyright 1998-2008 Pavel Haiduc, HP InfoTech s.r.l.
                 ;http://www.hpinfotech.com
                 
                 ;Chip type              : ATmega8
                 ;Program type           : Application
                 ;Clock frequency        : 16.000000 MHz
                 ;Memory model           : Small
                 ;Optimize for           : Size
                 ;(s)printf features     : int, width
                 ;(s)scanf features      : int, width
                 ;External RAM size      : 0
                 ;Data Stack size        : 256 byte(s)
                 ;Heap size              : 0 byte(s)
                 ;Promote char to int    : Yes
                 ;char is unsigned       : Yes
                 ;global const stored in FLASH  : No
                 ;8 bit enums            : Yes
                 ;Enhanced core instructions    : On
                 ;Smart register allocation : On
                 ;Automatic register allocation : On
                 
                 	#pragma AVRPART ADMIN PART_NAME ATmega8
                 	#pragma AVRPART MEMORY PROG_FLASH 8192
                 	#pragma AVRPART MEMORY EEPROM 512
                 	#pragma AVRPART MEMORY INT_SRAM SIZE 1024
                 	#pragma AVRPART MEMORY INT_SRAM START_ADDR 0x60
                 
                 	.LISTMAC
                 	.EQU UDRE=0x5
                 	.EQU RXC=0x7
                 	.EQU USR=0xB
                 	.EQU UDR=0xC
                 	.EQU SPSR=0xE
                 	.EQU SPDR=0xF
                 	.EQU EERE=0x0
                 	.EQU EEWE=0x1
                 	.EQU EEMWE=0x2
                 	.EQU EECR=0x1C
                 	.EQU EEDR=0x1D
                 	.EQU EEARL=0x1E
                 	.EQU EEARH=0x1F
                 	.EQU WDTCR=0x21
                 	.EQU MCUCR=0x35
                 	.EQU GICR=0x3B
                 	.EQU SPL=0x3D
                 	.EQU SPH=0x3E
                 	.EQU SREG=0x3F
                 
                 	.DEF R0X0=R0
                 	.DEF R0X1=R1
                 	.DEF R0X2=R2
                 	.DEF R0X3=R3
                 	.DEF R0X4=R4
                 	.DEF R0X5=R5
                 	.DEF R0X6=R6
                 	.DEF R0X7=R7
                 	.DEF R0X8=R8
                 	.DEF R0X9=R9
                 	.DEF R0XA=R10
                 	.DEF R0XB=R11
                 	.DEF R0XC=R12
                 	.DEF R0XD=R13
                 	.DEF R0XE=R14
                 	.DEF R0XF=R15
                 	.DEF R0X10=R16
                 	.DEF R0X11=R17
                 	.DEF R0X12=R18
                 	.DEF R0X13=R19
                 	.DEF R0X14=R20
                 	.DEF R0X15=R21
                 	.DEF R0X16=R22
                 	.DEF R0X17=R23
                 	.DEF R0X18=R24
                 	.DEF R0X19=R25
                 	.DEF R0X1A=R26
                 	.DEF R0X1B=R27
                 	.DEF R0X1C=R28
                 	.DEF R0X1D=R29
                 	.DEF R0X1E=R30
                 	.DEF R0X1F=R31
                 
                 	.MACRO __CPD1N
                 	CPI  R30,LOW(@0)
                 	LDI  R26,HIGH(@0)
                 	CPC  R31,R26
                 	LDI  R26,BYTE3(@0)
                 	CPC  R22,R26
                 	LDI  R26,BYTE4(@0)
                 	CPC  R23,R26
                 	.ENDM
                 
                 	.MACRO __CPD2N
                 	CPI  R26,LOW(@0)
                 	LDI  R30,HIGH(@0)
                 	CPC  R27,R30
                 	LDI  R30,BYTE3(@0)
                 	CPC  R24,R30
                 	LDI  R30,BYTE4(@0)
                 	CPC  R25,R30
                 	.ENDM
                 
                 	.MACRO __CPWRR
                 	CP   R@0,R@2
                 	CPC  R@1,R@3
                 	.ENDM
                 
                 	.MACRO __CPWRN
                 	CPI  R@0,LOW(@2)
                 	LDI  R30,HIGH(@2)
                 	CPC  R@1,R30
                 	.ENDM
                 
                 	.MACRO __ADDB1MN
                 	SUBI R30,LOW(-@0-(@1))
                 	.ENDM
                 
                 	.MACRO __ADDB2MN
                 	SUBI R26,LOW(-@0-(@1))
                 	.ENDM
                 
                 	.MACRO __ADDW1MN
                 	SUBI R30,LOW(-@0-(@1))
                 	SBCI R31,HIGH(-@0-(@1))
                 	.ENDM
                 
                 	.MACRO __ADDW2MN
                 	SUBI R26,LOW(-@0-(@1))
                 	SBCI R27,HIGH(-@0-(@1))
                 	.ENDM
                 
                 	.MACRO __ADDW1FN
                 	SUBI R30,LOW(-2*@0-(@1))
                 	SBCI R31,HIGH(-2*@0-(@1))
                 	.ENDM
                 
                 	.MACRO __ADDD1FN
                 	SUBI R30,LOW(-2*@0-(@1))
                 	SBCI R31,HIGH(-2*@0-(@1))
                 	SBCI R22,BYTE3(-2*@0-(@1))
                 	.ENDM
                 
                 	.MACRO __ADDD1N
                 	SUBI R30,LOW(-@0)
                 	SBCI R31,HIGH(-@0)
                 	SBCI R22,BYTE3(-@0)
                 	SBCI R23,BYTE4(-@0)
                 	.ENDM
                 
                 	.MACRO __ADDD2N
                 	SUBI R26,LOW(-@0)
                 	SBCI R27,HIGH(-@0)
                 	SBCI R24,BYTE3(-@0)
                 	SBCI R25,BYTE4(-@0)
                 	.ENDM
                 
                 	.MACRO __SUBD1N
                 	SUBI R30,LOW(@0)
                 	SBCI R31,HIGH(@0)
                 	SBCI R22,BYTE3(@0)
                 	SBCI R23,BYTE4(@0)
                 	.ENDM
                 
                 	.MACRO __SUBD2N
                 	SUBI R26,LOW(@0)
                 	SBCI R27,HIGH(@0)
                 	SBCI R24,BYTE3(@0)
                 	SBCI R25,BYTE4(@0)
                 	.ENDM
                 
                 	.MACRO __ANDBMNN
                 	LDS  R30,@0+@1
                 	ANDI R30,LOW(@2)
                 	STS  @0+@1,R30
                 	.ENDM
                 
                 	.MACRO __ANDWMNN
                 	LDS  R30,@0+@1
                 	ANDI R30,LOW(@2)
                 	STS  @0+@1,R30
                 	LDS  R30,@0+@1+1
                 	ANDI R30,HIGH(@2)
                 	STS  @0+@1+1,R30
                 	.ENDM
                 
                 	.MACRO __ANDD1N
                 	ANDI R30,LOW(@0)
                 	ANDI R31,HIGH(@0)
                 	ANDI R22,BYTE3(@0)
                 	ANDI R23,BYTE4(@0)
                 	.ENDM
                 
                 	.MACRO __ANDD2N
                 	ANDI R26,LOW(@0)
                 	ANDI R27,HIGH(@0)
                 	ANDI R24,BYTE3(@0)
                 	ANDI R25,BYTE4(@0)
                 	.ENDM
                 
                 	.MACRO __ORBMNN
                 	LDS  R30,@0+@1
                 	ORI  R30,LOW(@2)
                 	STS  @0+@1,R30
                 	.ENDM
                 
                 	.MACRO __ORWMNN
                 	LDS  R30,@0+@1
                 	ORI  R30,LOW(@2)
                 	STS  @0+@1,R30
                 	LDS  R30,@0+@1+1
                 	ORI  R30,HIGH(@2)
                 	STS  @0+@1+1,R30
                 	.ENDM
                 
                 	.MACRO __ORD1N
                 	ORI  R30,LOW(@0)
                 	ORI  R31,HIGH(@0)
                 	ORI  R22,BYTE3(@0)
                 	ORI  R23,BYTE4(@0)
                 	.ENDM
                 
                 	.MACRO __ORD2N
                 	ORI  R26,LOW(@0)
                 	ORI  R27,HIGH(@0)
                 	ORI  R24,BYTE3(@0)
                 	ORI  R25,BYTE4(@0)
                 	.ENDM
                 
                 	.MACRO __DELAY_USB
                 	LDI  R24,LOW(@0)
                 __DELAY_USB_LOOP:
                 	DEC  R24
                 	BRNE __DELAY_USB_LOOP
                 	.ENDM
                 
                 	.MACRO __DELAY_USW
                 	LDI  R24,LOW(@0)
                 	LDI  R25,HIGH(@0)
                 __DELAY_USW_LOOP:
                 	SBIW R24,1
                 	BRNE __DELAY_USW_LOOP
                 	.ENDM
                 
                 	.MACRO __GETD1S
                 	LDD  R30,Y+@0
                 	LDD  R31,Y+@0+1
                 	LDD  R22,Y+@0+2
                 	LDD  R23,Y+@0+3
                 	.ENDM
                 
                 	.MACRO __PUTD1S
                 	STD  Y+@0,R30
                 	STD  Y+@0+1,R31
                 	STD  Y+@0+2,R22
                 	STD  Y+@0+3,R23
                 	.ENDM
                 
                 	.MACRO __PUTD2S
                 	STD  Y+@0,R26
                 	STD  Y+@0+1,R27
                 	STD  Y+@0+2,R24
                 	STD  Y+@0+3,R25
                 	.ENDM
                 
                 	.MACRO __POINTB1MN
                 	LDI  R30,LOW(@0+@1)
                 	.ENDM
                 
                 	.MACRO __POINTW1MN
                 	LDI  R30,LOW(@0+@1)
                 	LDI  R31,HIGH(@0+@1)
                 	.ENDM
                 
                 	.MACRO __POINTD1M
                 	LDI  R30,LOW(@0)
                 	LDI  R31,HIGH(@0)
                 	LDI  R22,BYTE3(@0)
                 	LDI  R23,BYTE4(@0)
                 	.ENDM
                 
                 	.MACRO __POINTW1FN
                 	LDI  R30,LOW(2*@0+@1)
                 	LDI  R31,HIGH(2*@0+@1)
                 	.ENDM
                 
                 	.MACRO __POINTD1FN
                 	LDI  R30,LOW(2*@0+@1)
                 	LDI  R31,HIGH(2*@0+@1)
                 	LDI  R22,BYTE3(2*@0+@1)
                 	LDI  R23,BYTE4(2*@0+@1)
                 	.ENDM
                 
                 	.MACRO __POINTB2MN
                 	LDI  R26,LOW(@0+@1)
                 	.ENDM
                 
                 	.MACRO __POINTW2MN
                 	LDI  R26,LOW(@0+@1)
                 	LDI  R27,HIGH(@0+@1)
                 	.ENDM
                 
                 	.MACRO __POINTBRM
                 	LDI  R@0,LOW(@1)
                 	.ENDM
                 
                 	.MACRO __POINTWRM
                 	LDI  R@0,LOW(@2)
                 	LDI  R@1,HIGH(@2)
                 	.ENDM
                 
                 	.MACRO __POINTBRMN
                 	LDI  R@0,LOW(@1+@2)
                 	.ENDM
                 
                 	.MACRO __POINTWRMN
                 	LDI  R@0,LOW(@2+@3)
                 	LDI  R@1,HIGH(@2+@3)
                 	.ENDM
                 
                 	.MACRO __POINTWRFN
                 	LDI  R@0,LOW(@2*2+@3)
                 	LDI  R@1,HIGH(@2*2+@3)
                 	.ENDM
                 
                 	.MACRO __GETD1N
                 	LDI  R30,LOW(@0)
                 	LDI  R31,HIGH(@0)
                 	LDI  R22,BYTE3(@0)
                 	LDI  R23,BYTE4(@0)
                 	.ENDM
                 
                 	.MACRO __GETD2N
                 	LDI  R26,LOW(@0)
                 	LDI  R27,HIGH(@0)
                 	LDI  R24,BYTE3(@0)
                 	LDI  R25,BYTE4(@0)
                 	.ENDM
                 
                 	.MACRO __GETD2S
                 	LDD  R26,Y+@0
                 	LDD  R27,Y+@0+1
                 	LDD  R24,Y+@0+2
                 	LDD  R25,Y+@0+3
                 	.ENDM
                 
                 	.MACRO __GETB1MN
                 	LDS  R30,@0+@1
                 	.ENDM
                 
                 	.MACRO __GETB1HMN
                 	LDS  R31,@0+@1
                 	.ENDM
                 
                 	.MACRO __GETW1MN
                 	LDS  R30,@0+@1
                 	LDS  R31,@0+@1+1
                 	.ENDM
                 
                 	.MACRO __GETD1MN
                 	LDS  R30,@0+@1
                 	LDS  R31,@0+@1+1
                 	LDS  R22,@0+@1+2
                 	LDS  R23,@0+@1+3
                 	.ENDM
                 
                 	.MACRO __GETBRMN
                 	LDS  R@0,@1+@2
                 	.ENDM
                 
                 	.MACRO __GETWRMN
                 	LDS  R@0,@2+@3
                 	LDS  R@1,@2+@3+1
                 	.ENDM
                 
                 	.MACRO __GETWRZ
                 	LDD  R@0,Z+@2
                 	LDD  R@1,Z+@2+1
                 	.ENDM
                 
                 	.MACRO __GETD2Z
                 	LDD  R26,Z+@0
                 	LDD  R27,Z+@0+1
                 	LDD  R24,Z+@0+2
                 	LDD  R25,Z+@0+3
                 	.ENDM
                 
                 	.MACRO __GETB2MN
                 	LDS  R26,@0+@1
                 	.ENDM
                 
                 	.MACRO __GETW2MN
                 	LDS  R26,@0+@1
                 	LDS  R27,@0+@1+1
                 	.ENDM
                 
                 	.MACRO __GETD2MN
                 	LDS  R26,@0+@1
                 	LDS  R27,@0+@1+1
                 	LDS  R24,@0+@1+2
                 	LDS  R25,@0+@1+3
                 	.ENDM
                 
                 	.MACRO __PUTB1MN
                 	STS  @0+@1,R30
                 	.ENDM
                 
                 	.MACRO __PUTW1MN
                 	STS  @0+@1,R30
                 	STS  @0+@1+1,R31
                 	.ENDM
                 
                 	.MACRO __PUTD1MN
                 	STS  @0+@1,R30
                 	STS  @0+@1+1,R31
                 	STS  @0+@1+2,R22
                 	STS  @0+@1+3,R23
                 	.ENDM
                 
                 	.MACRO __PUTB1EN
                 	LDI  R26,LOW(@0+@1)
                 	LDI  R27,HIGH(@0+@1)
                 	RCALL __EEPROMWRB
                 	.ENDM
                 
                 	.MACRO __PUTW1EN
                 	LDI  R26,LOW(@0+@1)
                 	LDI  R27,HIGH(@0+@1)
                 	RCALL __EEPROMWRW
                 	.ENDM
                 
                 	.MACRO __PUTD1EN
                 	LDI  R26,LOW(@0+@1)
                 	LDI  R27,HIGH(@0+@1)
                 	RCALL __EEPROMWRD
                 	.ENDM
                 
                 	.MACRO __PUTBR0MN
                 	STS  @0+@1,R0
                 	.ENDM
                 
                 	.MACRO __PUTDZ2
                 	STD  Z+@0,R26
                 	STD  Z+@0+1,R27
                 	STD  Z+@0+2,R24
                 	STD  Z+@0+3,R25
                 	.ENDM
                 
                 	.MACRO __PUTBMRN
                 	STS  @0+@1,R@2
                 	.ENDM
                 
                 	.MACRO __PUTWMRN
                 	STS  @0+@1,R@2
                 	STS  @0+@1+1,R@3
                 	.ENDM
                 
                 	.MACRO __PUTBZR
                 	STD  Z+@1,R@0
                 	.ENDM
                 
                 	.MACRO __PUTWZR
                 	STD  Z+@2,R@0
                 	STD  Z+@2+1,R@1
                 	.ENDM
                 
                 	.MACRO __GETW1R
                 	MOV  R30,R@0
                 	MOV  R31,R@1
                 	.ENDM
                 
                 	.MACRO __GETW2R
                 	MOV  R26,R@0
                 	MOV  R27,R@1
                 	.ENDM
                 
                 	.MACRO __GETWRN
                 	LDI  R@0,LOW(@2)
                 	LDI  R@1,HIGH(@2)
                 	.ENDM
                 
                 	.MACRO __PUTW1R
                 	MOV  R@0,R30
                 	MOV  R@1,R31
                 	.ENDM
                 
                 	.MACRO __PUTW2R
                 	MOV  R@0,R26
                 	MOV  R@1,R27
                 	.ENDM
                 
                 	.MACRO __ADDWRN
                 	SUBI R@0,LOW(-@2)
                 	SBCI R@1,HIGH(-@2)
                 	.ENDM
                 
                 	.MACRO __ADDWRR
                 	ADD  R@0,R@2
                 	ADC  R@1,R@3
                 	.ENDM
                 
                 	.MACRO __SUBWRN
                 	SUBI R@0,LOW(@2)
                 	SBCI R@1,HIGH(@2)
                 	.ENDM
                 
                 	.MACRO __SUBWRR
                 	SUB  R@0,R@2
                 	SBC  R@1,R@3
                 	.ENDM
                 
                 	.MACRO __ANDWRN
                 	ANDI R@0,LOW(@2)
                 	ANDI R@1,HIGH(@2)
                 	.ENDM
                 
                 	.MACRO __ANDWRR
                 	AND  R@0,R@2
                 	AND  R@1,R@3
                 	.ENDM
                 
                 	.MACRO __ORWRN
                 	ORI  R@0,LOW(@2)
                 	ORI  R@1,HIGH(@2)
                 	.ENDM
                 
                 	.MACRO __ORWRR
                 	OR   R@0,R@2
                 	OR   R@1,R@3
                 	.ENDM
                 
                 	.MACRO __EORWRR
                 	EOR  R@0,R@2
                 	EOR  R@1,R@3
                 	.ENDM
                 
                 	.MACRO __GETWRS
                 	LDD  R@0,Y+@2
                 	LDD  R@1,Y+@2+1
                 	.ENDM
                 
                 	.MACRO __PUTWSR
                 	STD  Y+@2,R@0
                 	STD  Y+@2+1,R@1
                 	.ENDM
                 
                 	.MACRO __MOVEWRR
                 	MOV  R@0,R@2
                 	MOV  R@1,R@3
                 	.ENDM
                 
                 	.MACRO __INWR
                 	IN   R@0,@2
                 	IN   R@1,@2+1
                 	.ENDM
                 
                 	.MACRO __OUTWR
                 	OUT  @2+1,R@1
                 	OUT  @2,R@0
                 	.ENDM
                 
                 	.MACRO __CALL1MN
                 	LDS  R30,@0+@1
                 	LDS  R31,@0+@1+1
                 	ICALL
                 	.ENDM
                 
                 	.MACRO __CALL1FN
                 	LDI  R30,LOW(2*@0+@1)
                 	LDI  R31,HIGH(2*@0+@1)
                 	RCALL __GETW1PF
                 	ICALL
                 	.ENDM
                 
                 	.MACRO __CALL2EN
                 	LDI  R26,LOW(@0+@1)
                 	LDI  R27,HIGH(@0+@1)
                 	RCALL __EEPROMRDW
                 	ICALL
                 	.ENDM
                 
                 	.MACRO __GETW1STACK
                 	IN   R26,SPL
                 	IN   R27,SPH
                 	ADIW R26,@0+1
                 	LD   R30,X+
                 	LD   R31,X
                 	.ENDM
                 
                 	.MACRO __NBST
                 	BST  R@0,@1
                 	IN   R30,SREG
                 	LDI  R31,0x40
                 	EOR  R30,R31
                 	OUT  SREG,R30
                 	.ENDM
                 
                 
                 	.MACRO __PUTB1SN
                 	LDD  R26,Y+@0
                 	LDD  R27,Y+@0+1
                 	SUBI R26,LOW(-@1)
                 	SBCI R27,HIGH(-@1)
                 	ST   X,R30
                 	.ENDM
                 
                 	.MACRO __PUTW1SN
                 	LDD  R26,Y+@0
                 	LDD  R27,Y+@0+1
                 	SUBI R26,LOW(-@1)
                 	SBCI R27,HIGH(-@1)
                 	ST   X+,R30
                 	ST   X,R31
                 	.ENDM
                 
                 	.MACRO __PUTD1SN
                 	LDD  R26,Y+@0
                 	LDD  R27,Y+@0+1
                 	SUBI R26,LOW(-@1)
                 	SBCI R27,HIGH(-@1)
                 	RCALL __PUTDP1
                 	.ENDM
                 
                 	.MACRO __PUTB1SNS
                 	LDD  R26,Y+@0
                 	LDD  R27,Y+@0+1
                 	ADIW R26,@1
                 	ST   X,R30
                 	.ENDM
                 
                 	.MACRO __PUTW1SNS
                 	LDD  R26,Y+@0
                 	LDD  R27,Y+@0+1
                 	ADIW R26,@1
                 	ST   X+,R30
                 	ST   X,R31
                 	.ENDM
                 
                 	.MACRO __PUTD1SNS
                 	LDD  R26,Y+@0
                 	LDD  R27,Y+@0+1
                 	ADIW R26,@1
                 	RCALL __PUTDP1
                 	.ENDM
                 
                 	.MACRO __PUTB1PMN
                 	LDS  R26,@0
                 	LDS  R27,@0+1
                 	SUBI R26,LOW(-@1)
                 	SBCI R27,HIGH(-@1)
                 	ST   X,R30
                 	.ENDM
                 
                 	.MACRO __PUTW1PMN
                 	LDS  R26,@0
                 	LDS  R27,@0+1
                 	SUBI R26,LOW(-@1)
                 	SBCI R27,HIGH(-@1)
                 	ST   X+,R30
                 	ST   X,R31
                 	.ENDM
                 
                 	.MACRO __PUTD1PMN
                 	LDS  R26,@0
                 	LDS  R27,@0+1
                 	SUBI R26,LOW(-@1)
                 	SBCI R27,HIGH(-@1)
                 	RCALL __PUTDP1
                 	.ENDM
                 
                 	.MACRO __PUTB1PMNS
                 	LDS  R26,@0
                 	LDS  R27,@0+1
                 	ADIW R26,@1
                 	ST   X,R30
                 	.ENDM
                 
                 	.MACRO __PUTW1PMNS
                 	LDS  R26,@0
                 	LDS  R27,@0+1
                 	ADIW R26,@1
                 	ST   X+,R30
                 	ST   X,R31
                 	.ENDM
                 
                 	.MACRO __PUTD1PMNS
                 	LDS  R26,@0
                 	LDS  R27,@0+1
                 	ADIW R26,@1
                 	RCALL __PUTDP1
                 	.ENDM
                 
                 	.MACRO __PUTB1RN
                 	MOVW R26,R@0
                 	SUBI R26,LOW(-@1)
                 	SBCI R27,HIGH(-@1)
                 	ST   X,R30
                 	.ENDM
                 
                 	.MACRO __PUTW1RN
                 	MOVW R26,R@0
                 	SUBI R26,LOW(-@1)
                 	SBCI R27,HIGH(-@1)
                 	ST   X+,R30
                 	ST   X,R31
                 	.ENDM
                 
                 	.MACRO __PUTD1RN
                 	MOVW R26,R@0
                 	SUBI R26,LOW(-@1)
                 	SBCI R27,HIGH(-@1)
                 	RCALL __PUTDP1
                 	.ENDM
                 
                 	.MACRO __PUTB1RNS
                 	MOVW R26,R@0
                 	ADIW R26,@1
                 	ST   X,R30
                 	.ENDM
                 
                 	.MACRO __PUTW1RNS
                 	MOVW R26,R@0
                 	ADIW R26,@1
                 	ST   X+,R30
                 	ST   X,R31
                 	.ENDM
                 
                 	.MACRO __PUTD1RNS
                 	MOVW R26,R@0
                 	ADIW R26,@1
                 	RCALL __PUTDP1
                 	.ENDM
                 
                 	.MACRO __PUTB1RON
                 	MOV  R26,R@0
                 	MOV  R27,R@1
                 	SUBI R26,LOW(-@2)
                 	SBCI R27,HIGH(-@2)
                 	ST   X,R30
                 	.ENDM
                 
                 	.MACRO __PUTW1RON
                 	MOV  R26,R@0
                 	MOV  R27,R@1
                 	SUBI R26,LOW(-@2)
                 	SBCI R27,HIGH(-@2)
                 	ST   X+,R30
                 	ST   X,R31
                 	.ENDM
                 
                 	.MACRO __PUTD1RON
                 	MOV  R26,R@0
                 	MOV  R27,R@1
                 	SUBI R26,LOW(-@2)
                 	SBCI R27,HIGH(-@2)
                 	RCALL __PUTDP1
                 	.ENDM
                 
                 	.MACRO __PUTB1RONS
                 	MOV  R26,R@0
                 	MOV  R27,R@1
                 	ADIW R26,@2
                 	ST   X,R30
                 	.ENDM
                 
                 	.MACRO __PUTW1RONS
                 	MOV  R26,R@0
                 	MOV  R27,R@1
                 	ADIW R26,@2
                 	ST   X+,R30
                 	ST   X,R31
                 	.ENDM
                 
                 	.MACRO __PUTD1RONS
                 	MOV  R26,R@0
                 	MOV  R27,R@1
                 	ADIW R26,@2
                 	RCALL __PUTDP1
                 	.ENDM
                 
                 
                 	.MACRO __GETB1SX
                 	MOVW R30,R28
                 	SUBI R30,LOW(-@0)
                 	SBCI R31,HIGH(-@0)
                 	LD   R30,Z
                 	.ENDM
                 
                 	.MACRO __GETB1HSX
                 	MOVW R30,R28
                 	SUBI R30,LOW(-@0)
                 	SBCI R31,HIGH(-@0)
                 	LD   R31,Z
                 	.ENDM
                 
                 	.MACRO __GETW1SX
                 	MOVW R30,R28
                 	SUBI R30,LOW(-@0)
                 	SBCI R31,HIGH(-@0)
                 	LD   R0,Z+
                 	LD   R31,Z
                 	MOV  R30,R0
                 	.ENDM
                 
                 	.MACRO __GETD1SX
                 	MOVW R30,R28
                 	SUBI R30,LOW(-@0)
                 	SBCI R31,HIGH(-@0)
                 	LD   R0,Z+
                 	LD   R1,Z+
                 	LD   R22,Z+
                 	LD   R23,Z
                 	MOVW R30,R0
                 	.ENDM
                 
                 	.MACRO __GETB2SX
                 	MOVW R26,R28
                 	SUBI R26,LOW(-@0)
                 	SBCI R27,HIGH(-@0)
                 	LD   R26,X
                 	.ENDM
                 
                 	.MACRO __GETW2SX
                 	MOVW R26,R28
                 	SUBI R26,LOW(-@0)
                 	SBCI R27,HIGH(-@0)
                 	LD   R0,X+
                 	LD   R27,X
                 	MOV  R26,R0
                 	.ENDM
                 
                 	.MACRO __GETD2SX
                 	MOVW R26,R28
                 	SUBI R26,LOW(-@0)
                 	SBCI R27,HIGH(-@0)
                 	LD   R0,X+
                 	LD   R1,X+
                 	LD   R24,X+
                 	LD   R25,X
                 	MOVW R26,R0
                 	.ENDM
                 
                 	.MACRO __GETBRSX
                 	MOVW R30,R28
                 	SUBI R30,LOW(-@1)
                 	SBCI R31,HIGH(-@1)
                 	LD   R@0,Z
                 	.ENDM
                 
                 	.MACRO __GETWRSX
                 	MOVW R30,R28
                 	SUBI R30,LOW(-@2)
                 	SBCI R31,HIGH(-@2)
                 	LD   R@0,Z+
                 	LD   R@1,Z
                 	.ENDM
                 
                 	.MACRO __LSLW8SX
                 	MOVW R30,R28
                 	SUBI R30,LOW(-@0)
                 	SBCI R31,HIGH(-@0)
                 	LD   R31,Z
                 	CLR  R30
                 	.ENDM
                 
                 	.MACRO __PUTB1SX
                 	MOVW R26,R28
                 	SUBI R26,LOW(-@0)
                 	SBCI R27,HIGH(-@0)
                 	ST   X,R30
                 	.ENDM
                 
                 	.MACRO __PUTW1SX
                 	MOVW R26,R28
                 	SUBI R26,LOW(-@0)
                 	SBCI R27,HIGH(-@0)
                 	ST   X+,R30
                 	ST   X,R31
                 	.ENDM
                 
                 	.MACRO __PUTD1SX
                 	MOVW R26,R28
                 	SUBI R26,LOW(-@0)
                 	SBCI R27,HIGH(-@0)
                 	ST   X+,R30
                 	ST   X+,R31
                 	ST   X+,R22
                 	ST   X,R23
                 	.ENDM
                 
                 	.MACRO __CLRW1SX
                 	MOVW R26,R28
                 	SUBI R26,LOW(-@0)
                 	SBCI R27,HIGH(-@0)
                 	ST   X+,R30
                 	ST   X,R30
                 	.ENDM
                 
                 	.MACRO __CLRD1SX
                 	MOVW R26,R28
                 	SUBI R26,LOW(-@0)
                 	SBCI R27,HIGH(-@0)
                 	ST   X+,R30
                 	ST   X+,R30
                 	ST   X+,R30
                 	ST   X,R30
                 	.ENDM
                 
                 	.MACRO __PUTB2SX
                 	MOVW R30,R28
                 	SUBI R30,LOW(-@0)
                 	SBCI R31,HIGH(-@0)
                 	ST   Z,R26
                 	.ENDM
                 
                 	.MACRO __PUTW2SX
                 	MOVW R30,R28
                 	SUBI R30,LOW(-@0)
                 	SBCI R31,HIGH(-@0)
                 	ST   Z+,R26
                 	ST   Z,R27
                 	.ENDM
                 
                 	.MACRO __PUTD2SX
                 	MOVW R30,R28
                 	SUBI R30,LOW(-@0)
                 	SBCI R31,HIGH(-@0)
                 	ST   Z+,R26
                 	ST   Z+,R27
                 	ST   Z+,R24
                 	ST   Z,R25
                 	.ENDM
                 
                 	.MACRO __PUTBSRX
                 	MOVW R30,R28
                 	SUBI R30,LOW(-@0)
                 	SBCI R31,HIGH(-@0)
                 	ST   Z,R@1
                 	.ENDM
                 
                 	.MACRO __PUTWSRX
                 	MOVW R30,R28
                 	SUBI R30,LOW(-@2)
                 	SBCI R31,HIGH(-@2)
                 	ST   Z+,R@0
                 	ST   Z,R@1
                 	.ENDM
                 
                 	.MACRO __PUTB1SNX
                 	MOVW R26,R28
                 	SUBI R26,LOW(-@0)
                 	SBCI R27,HIGH(-@0)
                 	LD   R0,X+
                 	LD   R27,X
                 	MOV  R26,R0
                 	SUBI R26,LOW(-@1)
                 	SBCI R27,HIGH(-@1)
                 	ST   X,R30
                 	.ENDM
                 
                 	.MACRO __PUTW1SNX
                 	MOVW R26,R28
                 	SUBI R26,LOW(-@0)
                 	SBCI R27,HIGH(-@0)
                 	LD   R0,X+
                 	LD   R27,X
                 	MOV  R26,R0
                 	SUBI R26,LOW(-@1)
                 	SBCI R27,HIGH(-@1)
                 	ST   X+,R30
                 	ST   X,R31
                 	.ENDM
                 
                 	.MACRO __PUTD1SNX
                 	MOVW R26,R28
                 	SUBI R26,LOW(-@0)
                 	SBCI R27,HIGH(-@0)
                 	LD   R0,X+
                 	LD   R27,X
                 	MOV  R26,R0
                 	SUBI R26,LOW(-@1)
                 	SBCI R27,HIGH(-@1)
                 	ST   X+,R30
                 	ST   X+,R31
                 	ST   X+,R22
                 	ST   X,R23
                 	.ENDM
                 
                 	.MACRO __MULBRR
                 	MULS R@0,R@1
                 	MOVW R30,R0
                 	.ENDM
                 
                 	.MACRO __MULBRRU
                 	MUL  R@0,R@1
                 	MOVW R30,R0
                 	.ENDM
                 
                 	.MACRO __MULBRR0
                 	MULS R@0,R@1
                 	.ENDM
                 
                 	.MACRO __MULBRRU0
                 	MUL  R@0,R@1
                 	.ENDM
                 
                 	.MACRO __MULBNWRU
                 	LDI  R26,@2
                 	MUL  R26,R@0
                 	MOVW R30,R0
                 	MUL  R26,R@1
                 	ADD  R31,R0
                 	.ENDM
                 
                 ;NAME DEFINITIONS FOR GLOBAL VARIABLES ALLOCATED TO REGISTERS
                 	.DEF _l_overflow=R5
                 	.DEF _r_overflow=R4
                 	.DEF _l_step=R7
                 	.DEF _r_step=R6
                 	.DEF _x=R9
                 	.DEF _y=R8
                 	.DEF _z=R11
                 	.DEF _rightMotorOn=R12
                 	.DEF _MOTOR_DELAY=R10
                 
                 	.CSEG
                 	.ORG 0x00
                 
                 ;INTERRUPT VECTORS
000000 c021      	RJMP __RESET
000001 cffe      	RJMP 0x00
000002 cffd      	RJMP 0x00
000003 cffc      	RJMP 0x00
000004 c073      	RJMP _timer2_ovf_isr
000005 cffa      	RJMP 0x00
000006 cff9      	RJMP 0x00
000007 cff8      	RJMP 0x00
000008 cff7      	RJMP 0x00
000009 c047      	RJMP _timer0_ovf_isr
00000a cff5      	RJMP 0x00
00000b cff4      	RJMP 0x00
00000c cff3      	RJMP 0x00
00000d cff2      	RJMP 0x00
00000e cff1      	RJMP 0x00
00000f cff0      	RJMP 0x00
000010 cfef      	RJMP 0x00
000011 cfee      	RJMP 0x00
000012 cfed      	RJMP 0x00
                 
                 _0x3:
000013 66cc
000014 9933      	.DB  0xCC,0x66,0x33,0x99
                 _0x4:
000015 3399
000016 cc66      	.DB  0x99,0x33,0x66,0xCC
                 _0x33:
C:\Documents and Settings\Shaunak\My Documents\code vision avr projects\NewBoardWithMiniStepper\List\NewBoardWithMiniStepper.asm(1055): warning: .cseg .db misalignment - padding zero byte
000017 001e      	.DB  0x1E
                 
                 __GLOBAL_INI_TBL:
000018 0004      	.DW  0x04
000019 0160      	.DW  _step
00001a 0026      	.DW  _0x3*2
                 
00001b 0004      	.DW  0x04
00001c 0164      	.DW  _step_rev
00001d 002a      	.DW  _0x4*2
                 
00001e 0001      	.DW  0x01
00001f 000a      	.DW  0x0A
000020 002e      	.DW  _0x33*2
                 
                 _0xFFFFFFFF:
000021 0000      	.DW  0
                 
                 __RESET:
000022 94f8      	CLI
000023 27ee      	CLR  R30
000024 bbec      	OUT  EECR,R30
                 
                 ;INTERRUPT VECTORS ARE PLACED
                 ;AT THE START OF FLASH
000025 e0f1      	LDI  R31,1
000026 bffb      	OUT  GICR,R31
000027 bfeb      	OUT  GICR,R30
000028 bfe5      	OUT  MCUCR,R30
                 
                 ;DISABLE WATCHDOG
000029 e1f8      	LDI  R31,0x18
00002a bdf1      	OUT  WDTCR,R31
00002b bde1      	OUT  WDTCR,R30
                 
                 ;CLEAR R2-R14
00002c e08d      	LDI  R24,(14-2)+1
00002d e0a2      	LDI  R26,2
00002e 27bb      	CLR  R27
                 __CLEAR_REG:
00002f 93ed      	ST   X+,R30
000030 958a      	DEC  R24
000031 f7e9      	BRNE __CLEAR_REG
                 
                 ;CLEAR SRAM
000032 e080      	LDI  R24,LOW(0x400)
000033 e094      	LDI  R25,HIGH(0x400)
000034 e6a0      	LDI  R26,0x60
                 __CLEAR_SRAM:
000035 93ed      	ST   X+,R30
000036 9701      	SBIW R24,1
000037 f7e9      	BRNE __CLEAR_SRAM
                 
                 ;GLOBAL VARIABLES INITIALIZATION
000038 e3e0      	LDI  R30,LOW(__GLOBAL_INI_TBL*2)
000039 e0f0      	LDI  R31,HIGH(__GLOBAL_INI_TBL*2)
                 __GLOBAL_INI_NEXT:
00003a 9185      	LPM  R24,Z+
00003b 9195      	LPM  R25,Z+
00003c 9700      	SBIW R24,0
00003d f061      	BREQ __GLOBAL_INI_END
00003e 91a5      	LPM  R26,Z+
00003f 91b5      	LPM  R27,Z+
000040 9005      	LPM  R0,Z+
000041 9015      	LPM  R1,Z+
000042 01bf      	MOVW R22,R30
000043 01f0      	MOVW R30,R0
                 __GLOBAL_INI_LOOP:
000044 9005      	LPM  R0,Z+
000045 920d      	ST   X+,R0
000046 9701      	SBIW R24,1
000047 f7e1      	BRNE __GLOBAL_INI_LOOP
000048 01fb      	MOVW R30,R22
000049 cff0      	RJMP __GLOBAL_INI_NEXT
                 __GLOBAL_INI_END:
                 
                 ;STACK POINTER INITIALIZATION
00004a e5ef      	LDI  R30,LOW(0x45F)
00004b bfed      	OUT  SPL,R30
00004c e0e4      	LDI  R30,HIGH(0x45F)
00004d bfee      	OUT  SPH,R30
                 
                 ;DATA STACK POINTER INITIALIZATION
00004e e6c0      	LDI  R28,LOW(0x160)
00004f e0d1      	LDI  R29,HIGH(0x160)
                 
000050 c11f      	RJMP _main
                 
                 	.ESEG
                 	.ORG 0
                 
                 	.DSEG
                 	.ORG 0x160
                 
                 	.CSEG
                 ;/*****************************************************
                 ;This program was produced by the
                 ;CodeWizardAVR V2.03.8a Evaluation
                 ;Automatic Program Generator
                 ;© Copyright 1998-2008 Pavel Haiduc, HP InfoTech s.r.l.
                 ;http://www.hpinfotech.com
                 ;
                 ;Project : NewBoardWithMiniStepper
                 ;Version :
                 ;Date    : 1/7/2009
                 ;Author  : Freeware, for evaluation and non-commercial use only
                 ;Company :
                 ;Comments:
                 ;
                 ;
                 ;Chip type           : ATmega8
                 ;Program type        : Application
                 ;Clock frequency     : 16.000000 MHz
                 ;Memory model        : Small
                 ;External RAM size   : 0
                 ;Data Stack size     : 256
                 ;*****************************************************/
                 ;
                 ;#include <mega8.h>
                 	#ifndef __SLEEP_DEFINED__
                 	#define __SLEEP_DEFINED__
                 	.EQU __se_bit=0x80
                 	.EQU __sm_mask=0x70
                 	.EQU __sm_powerdown=0x20
                 	.EQU __sm_powersave=0x30
                 	.EQU __sm_standby=0x60
                 	.EQU __sm_ext_standby=0x70
                 	.EQU __sm_adc_noise_red=0x10
                 	.SET power_ctrl_reg=mcucr
                 	#endif
                 ;
                 ;#define ADC_DELAY 40
                 ;#define TRUE 1
                 ;#define FALSE 0
                 ;#define SHOW_DISPLAY FALSE
                 ;#define ACC_FACTOR 100
                 ;#define SENSOR_TYPE 0
                 ;#define CORRECT_ERROR TRUE
                 ;unsigned char step[4]={0xCC,0x66,0x33,0x99};
                 
                 	.DSEG
                 ;unsigned char step_rev[4]={0x99,0x33,0x66,0xCC};
                 ;unsigned char l_overflow,r_overflow,l_step,r_step,x,y,z;
                 ;unsigned rightMotorOn;
                 ;unsigned leftMotorOn;
                 ;unsigned int left,right,center;
                 ;int error,error0;
                 ;
                 ;unsigned char MOTOR_DELAY=30;
                 ;unsigned char ADC_CENTER;
                 ;
                 ;
                 ;void read(void);
                 ;
                 ;// Timer 0 overflow interrupt service routine
                 ;interrupt [TIM0_OVF] void timer0_ovf_isr(void)
                 ; 0000 0031 {
                 
                 	.CSEG
                 _timer0_ovf_isr:
000051 920a      	ST   -Y,R0
000052 93ea      	ST   -Y,R30
000053 93fa      	ST   -Y,R31
000054 b7ef      	IN   R30,SREG
000055 93ea      	ST   -Y,R30
                 ; 0000 0032    //right motor
                 ; 0000 0033    y++;
000056 9483      	INC  R8
                 ; 0000 0034    if(y>r_overflow && rightMotorOn)
000057 1448      	CP   R4,R8
000058 f418      	BRSH _0x6
000059 2c0c      	MOV  R0,R12
00005a 280d      	OR   R0,R13
00005b f409      	BRNE _0x7
                 _0x6:
00005c c004      	RJMP _0x5
                 _0x7:
                 ; 0000 0035    {
                 ; 0000 0036     y=0;
00005d 2488      	CLR  R8
                 ; 0000 0037     PORTB=step_rev[r_step];
00005e d144      	RCALL SUBOPT_0x0
                 ; 0000 0038     r_step++;
                 ; 0000 0039     if(r_step>3)r_step=0;
00005f f408      	BRSH _0x8
000060 2466      	CLR  R6
                 ; 0000 003A    }
                 _0x8:
                 ; 0000 003B 
                 ; 0000 003C    //left motor
                 ; 0000 003D    x++;
                 _0x5:
000061 9493      	INC  R9
                 ; 0000 003E    if(x>l_overflow && leftMotorOn)
000062 1459      	CP   R5,R9
000063 f430      	BRSH _0xA
000064 91e0 0168 	LDS  R30,_leftMotorOn
000066 91f0 0169 	LDS  R31,_leftMotorOn+1
000068 9730      	SBIW R30,0
000069 f409      	BRNE _0xB
                 _0xA:
00006a c007      	RJMP _0x9
                 _0xB:
                 ; 0000 003F    {
                 ; 0000 0040     x=0;
00006b 2499      	CLR  R9
                 ; 0000 0041     PORTD=step_rev[l_step];
00006c d140      	RCALL SUBOPT_0x1
00006d 59ec      	SUBI R30,LOW(-_step_rev)
00006e 4ffe      	SBCI R31,HIGH(-_step_rev)
00006f d140      	RCALL SUBOPT_0x2
                 ; 0000 0042     l_step++;
                 ; 0000 0043     if(l_step > 3)l_step = 0;
000070 f408      	BRSH _0xC
000071 2477      	CLR  R7
                 ; 0000 0044    }
                 _0xC:
                 ; 0000 0045 
                 ; 0000 0046    //acceleration code
                 ; 0000 0047 //  accCounter++;
                 ; 0000 0048 //   if(accCounter>ACC_FACTOR)
                 ; 0000 0049 //   {
                 ; 0000 004A //     accCounter=0;
                 ; 0000 004B //       if(MOTOR_DELAY>20)
                 ; 0000 004C //       MOTOR_DELAY--;
                 ; 0000 004D //   }
                 ; 0000 004E 
                 ; 0000 004F 
                 ; 0000 0050 }
                 _0x9:
000072 91e9      	LD   R30,Y+
000073 bfef      	OUT  SREG,R30
000074 91f9      	LD   R31,Y+
000075 91e9      	LD   R30,Y+
000076 9009      	LD   R0,Y+
000077 9518      	RETI
                 ;
                 ;// Timer 2 overflow interrupt service routine
                 ;interrupt [TIM2_OVF] void timer2_ovf_isr(void)
                 ; 0000 0054 {
                 _timer2_ovf_isr:
000078 920a      	ST   -Y,R0
000079 921a      	ST   -Y,R1
00007a 92fa      	ST   -Y,R15
00007b 936a      	ST   -Y,R22
00007c 937a      	ST   -Y,R23
00007d 938a      	ST   -Y,R24
00007e 939a      	ST   -Y,R25
00007f 93aa      	ST   -Y,R26
000080 93ba      	ST   -Y,R27
000081 93ea      	ST   -Y,R30
000082 93fa      	ST   -Y,R31
000083 b7ef      	IN   R30,SREG
000084 93ea      	ST   -Y,R30
                 ; 0000 0055 // Place your code here
                 ; 0000 0056    //read sensor
                 ; 0000 0057    z++;
000085 94b3      	INC  R11
                 ; 0000 0058    if(z>ADC_DELAY)
000086 e2e8      	LDI  R30,LOW(40)
000087 15eb      	CP   R30,R11
000088 f008      	BRLO PC+2
000089 c043      	RJMP _0xD
                 ; 0000 0059    {
                 ; 0000 005A    z=0;
00008a 24bb      	CLR  R11
                 ; 0000 005B    read();
00008b d066      	RCALL _read
                 ; 0000 005C    //error correction
                 ; 0000 005D    error0=error;
00008c 91e0 0170 	LDS  R30,_error
00008e 91f0 0171 	LDS  R31,_error+1
000090 93e0 0172 	STS  _error0,R30
000092 93f0 0173 	STS  _error0+1,R31
                 ; 0000 005E    if(left < 15 )
000094 d121      	RCALL SUBOPT_0x3
000095 971f      	SBIW R26,15
000096 f420      	BRSH _0xE
                 ; 0000 005F         {
                 ; 0000 0060          error = ADC_CENTER-right;
000097 d123      	RCALL SUBOPT_0x4
000098 d12a      	RCALL SUBOPT_0x5
                 ; 0000 0061          ADC_CENTER=(ADC_CENTER+right)/2;
000099 d121      	RCALL SUBOPT_0x4
00009a c01a      	RJMP _0x31
                 ; 0000 0062         }
                 ; 0000 0063    else if(right < 15)
                 _0xE:
00009b d12e      	RCALL SUBOPT_0x6
00009c 971f      	SBIW R26,15
00009d f448      	BRSH _0x10
                 ; 0000 0064         {
                 ; 0000 0065          error = left-ADC_CENTER;
00009e d130      	RCALL SUBOPT_0x7
00009f d116      	RCALL SUBOPT_0x3
0000a0 d132      	RCALL SUBOPT_0x8
0000a1 93a0 0170 	STS  _error,R26
0000a3 93b0 0171 	STS  _error+1,R27
                 ; 0000 0066          ADC_CENTER=(left+ADC_CENTER)/2;
0000a5 d129      	RCALL SUBOPT_0x7
0000a6 c00a      	RJMP _0x32
                 ; 0000 0067         }
                 ; 0000 0068    else
                 _0x10:
                 ; 0000 0069         {
                 ; 0000 006A          error = left-right;
0000a7 d122      	RCALL SUBOPT_0x6
0000a8 91e0 016a 	LDS  R30,_left
0000aa 91f0 016b 	LDS  R31,_left+1
0000ac d116      	RCALL SUBOPT_0x5
                 ; 0000 006B          ADC_CENTER=(left+right)/2;
0000ad 91e0 016c 	LDS  R30,_right
0000af 91f0 016d 	LDS  R31,_right+1
                 _0x32:
0000b1 91a0 016a 	LDS  R26,_left
0000b3 91b0 016b 	LDS  R27,_left+1
                 _0x31:
0000b5 0fae      	ADD  R26,R30
0000b6 1fbf      	ADC  R27,R31
0000b7 01fd      	MOVW R30,R26
0000b8 95f6      	LSR  R31
0000b9 95e7      	ROR  R30
0000ba 93e0 0174 	STS  _ADC_CENTER,R30
                 ; 0000 006C         }
                 ; 0000 006D 
                 ; 0000 006E    if(CORRECT_ERROR)
                 ; 0000 006F    {
                 ; 0000 0070         if(error>0)r_overflow=MOTOR_DELAY+(error/8);//+(error-error0)/8;
0000bc d119      	RCALL SUBOPT_0x9
0000bd d171      	RCALL __CPW02
0000be f42c      	BRGE _0x13
0000bf d11b      	RCALL SUBOPT_0xA
0000c0 01db      	MOVW R26,R22
0000c1 0fea      	ADD  R30,R26
0000c2 2e4e      	MOV  R4,R30
                 ; 0000 0071         else if(error<0)l_overflow=MOTOR_DELAY-(error/8);//+(error-error0)/8;
0000c3 c009      	RJMP _0x14
                 _0x13:
0000c4 91a0 0171 	LDS  R26,_error+1
0000c6 23aa      	TST  R26
0000c7 f42a      	BRPL _0x15
0000c8 d112      	RCALL SUBOPT_0xA
0000c9 01df      	MOVW R26,R30
0000ca 01fb      	MOVW R30,R22
0000cb 1bea      	SUB  R30,R26
0000cc 2e5e      	MOV  R5,R30
                 ; 0000 0072    }
                 _0x15:
                 _0x14:
                 ; 0000 0073 //
                 ; 0000 0074 //    if(error>0)r_overflow=MOTOR_DELAY+((error*r_overflow)/40);
                 ; 0000 0075 //   else if(error<0)l_overflow=MOTOR_DELAY-((error*l_overflow)/40);
                 ; 0000 0076         if(SHOW_DISPLAY)
                 ; 0000 0077         {
                 ; 0000 0078         //show(right,0,0);
                 ; 0000 0079         //show(left,10,0);
                 ; 0000 007A         //show(center,5,0);
                 ; 0000 007B         }
                 ; 0000 007C    }
                 ; 0000 007D }
                 _0xD:
0000cd 91e9      	LD   R30,Y+
0000ce bfef      	OUT  SREG,R30
0000cf 91f9      	LD   R31,Y+
0000d0 91e9      	LD   R30,Y+
0000d1 91b9      	LD   R27,Y+
0000d2 91a9      	LD   R26,Y+
0000d3 9199      	LD   R25,Y+
0000d4 9189      	LD   R24,Y+
0000d5 9179      	LD   R23,Y+
0000d6 9169      	LD   R22,Y+
0000d7 90f9      	LD   R15,Y+
0000d8 9019      	LD   R1,Y+
0000d9 9009      	LD   R0,Y+
0000da 9518      	RETI
                 ;
                 ;#include <delay.h>
                 ;
                 ;#define ADC_VREF_TYPE 0xE0
                 ;
                 ;// Read the 8 most significant bits
                 ;// of the AD conversion result
                 ;unsigned char read_adc(unsigned char adc_input)
                 ; 0000 0086 {
                 _read_adc:
                 ; 0000 0087 ADMUX=adc_input | (ADC_VREF_TYPE & 0xff);
                 ;	adc_input -> Y+0
0000db 81e8      	LD   R30,Y
0000dc 6ee0      	ORI  R30,LOW(0xE0)
0000dd b9e7      	OUT  0x7,R30
                 ; 0000 0088 // Delay needed for the stabilization of the ADC input voltage
                 ; 0000 0089 delay_us(10);
                +
0000de e385     +LDI R24 , LOW ( 53 )
                +__DELAY_USB_LOOP :
0000df 958a     +DEC R24
0000e0 f7f1     +BRNE __DELAY_USB_LOOP
                 	__DELAY_USB 53
                 ; 0000 008A // Start the AD conversion
                 ; 0000 008B ADCSRA|=0x40;
0000e1 9a36      	SBI  0x6,6
                 ; 0000 008C // Wait for the AD conversion to complete
                 ; 0000 008D while ((ADCSRA & 0x10)==0);
                 _0x17:
0000e2 9b34      	SBIS 0x6,4
0000e3 cffe      	RJMP _0x17
                 ; 0000 008E ADCSRA|=0x10;
0000e4 9a34      	SBI  0x6,4
                 ; 0000 008F return ADCH;
0000e5 b1e5      	IN   R30,0x5
0000e6 9621      	ADIW R28,1
0000e7 9508      	RET
                 ; 0000 0090 }
                 ;
                 ; void initialize(void)
                 ; 0000 0093 {
                 _initialize:
                 ; 0000 0094  x=0;
0000e8 2499      	CLR  R9
                 ; 0000 0095  y=0;
0000e9 2488      	CLR  R8
                 ; 0000 0096  z=0;
0000ea 24bb      	CLR  R11
                 ; 0000 0097  l_step=0;
0000eb 2477      	CLR  R7
                 ; 0000 0098  r_step=0;
0000ec 2466      	CLR  R6
                 ; 0000 0099  l_overflow=MOTOR_DELAY;
0000ed 2c5a      	MOV  R5,R10
                 ; 0000 009A  r_overflow=MOTOR_DELAY;
0000ee 2c4a      	MOV  R4,R10
                 ; 0000 009B  rightMotorOn=1;
0000ef d0f2      	RCALL SUBOPT_0xB
0000f0 d0f4      	RCALL SUBOPT_0xC
                 ; 0000 009C  leftMotorOn=1;
                 ; 0000 009D }
0000f1 9508      	RET
                 ;//void read(void)
                 ;//{
                 ;// unsigned char i;
                 ;// left=0;
                 ;// center=0;
                 ;// right=0;
                 ;// for(i=0;i<2;i++)
                 ;// {
                 ;// PORTA=PINA|(1<<0);
                 ;// left+=read_adc(3);
                 ;// PORTA=PINA&(~(1<<0));
                 ;// delay_us(7);
                 ;// }
                 ;//for(i=0;i<2;i++)
                 ;// {
                 ;// PORTA=PINA|(1<<1);
                 ;// right+=read_adc(4);
                 ;// PORTA=PINA&(~(1<<1));
                 ;// delay_us(7);
                 ;// }
                 ;//for(i=0;i<2;i++)
                 ;// {
                 ;// PORTA=PINA|(1<<2);
                 ;// center+=read_adc(5);
                 ;// PORTA=PINA&(~(1<<2));
                 ;// delay_us(7);
                 ;// }
                 ;//left/=2;
                 ;//right/=2;
                 ;//center/=2;
                 ;//}
                 ;
                 ;void read(void)
                 ; 0000 00BF {
                 _read:
                 ; 0000 00C0  unsigned char i,lo,co,ro;
                 ; 0000 00C1  left=0;
0000f2 d140      	RCALL __SAVELOCR4
                 ;	i -> R17
                 ;	lo -> R16
                 ;	co -> R19
                 ;	ro -> R18
0000f3 e0e0      	LDI  R30,LOW(0)
0000f4 93e0 016a 	STS  _left,R30
0000f6 93e0 016b 	STS  _left+1,R30
                 ; 0000 00C2  center=0;
0000f8 93e0 016e 	STS  _center,R30
0000fa 93e0 016f 	STS  _center+1,R30
                 ; 0000 00C3  right=0;
0000fc 93e0 016c 	STS  _right,R30
0000fe 93e0 016d 	STS  _right+1,R30
                 ; 0000 00C4 
                 ; 0000 00C5  lo=0;
000100 e000      	LDI  R16,LOW(0)
                 ; 0000 00C6  co=0;
000101 e030      	LDI  R19,LOW(0)
                 ; 0000 00C7  ro=0;
000102 e020      	LDI  R18,LOW(0)
                 ; 0000 00C8  if(SENSOR_TYPE==0)
                 ; 0000 00C9  {
                 ; 0000 00CA         lo=read_adc(3);
000103 e0e3      	LDI  R30,LOW(3)
000104 d0e7      	RCALL SUBOPT_0xD
000105 2f0e      	MOV  R16,R30
                 ; 0000 00CB         PORTC=PINC|(1<<0);
000106 b3e3      	IN   R30,0x13
000107 60e1      	ORI  R30,1
000108 bbe5      	OUT  0x15,R30
                 ; 0000 00CC         left=read_adc(3);
000109 e0e3      	LDI  R30,LOW(3)
00010a d0e1      	RCALL SUBOPT_0xD
00010b d0e2      	RCALL SUBOPT_0xE
00010c 93e0 016a 	STS  _left,R30
00010e 93f0 016b 	STS  _left+1,R31
                 ; 0000 00CD         PORTC=PINC&(~(1<<0));
000110 b3e3      	IN   R30,0x13
000111 7fee      	ANDI R30,0xFE
000112 bbe5      	OUT  0x15,R30
                 ; 0000 00CE         left=left-lo;
000113 2fe0      	MOV  R30,R16
000114 d0d9      	RCALL SUBOPT_0xE
000115 d0a0      	RCALL SUBOPT_0x3
000116 d0bc      	RCALL SUBOPT_0x8
000117 93a0 016a 	STS  _left,R26
000119 93b0 016b 	STS  _left+1,R27
                 ; 0000 00CF         delay_us(7);
00011b d0d4      	RCALL SUBOPT_0xF
                 ; 0000 00D0 
                 ; 0000 00D1         ro=read_adc(4);
00011c e0e4      	LDI  R30,LOW(4)
00011d d0ce      	RCALL SUBOPT_0xD
00011e 2f2e      	MOV  R18,R30
                 ; 0000 00D2         PORTC=PINC|(1<<1);
00011f b3e3      	IN   R30,0x13
000120 60e2      	ORI  R30,2
000121 bbe5      	OUT  0x15,R30
                 ; 0000 00D3         right=read_adc(4);
000122 e0e4      	LDI  R30,LOW(4)
000123 d0c8      	RCALL SUBOPT_0xD
000124 d0c9      	RCALL SUBOPT_0xE
000125 93e0 016c 	STS  _right,R30
000127 93f0 016d 	STS  _right+1,R31
                 ; 0000 00D4         PORTC=PINC&(~(1<<1));
000129 b3e3      	IN   R30,0x13
00012a 7fed      	ANDI R30,0xFD
00012b bbe5      	OUT  0x15,R30
                 ; 0000 00D5         right=right-ro;
00012c 2fe2      	MOV  R30,R18
00012d d0c0      	RCALL SUBOPT_0xE
00012e d09b      	RCALL SUBOPT_0x6
00012f d0a3      	RCALL SUBOPT_0x8
000130 93a0 016c 	STS  _right,R26
000132 93b0 016d 	STS  _right+1,R27
                 ; 0000 00D6         delay_us(7);
000134 d0bb      	RCALL SUBOPT_0xF
                 ; 0000 00D7 
                 ; 0000 00D8         co=read_adc(5);
000135 e0e5      	LDI  R30,LOW(5)
000136 d0b5      	RCALL SUBOPT_0xD
000137 2f3e      	MOV  R19,R30
                 ; 0000 00D9         PORTC=PINC|(1<<2);
000138 b3e3      	IN   R30,0x13
000139 60e4      	ORI  R30,4
00013a bbe5      	OUT  0x15,R30
                 ; 0000 00DA         center=read_adc(5);
00013b e0e5      	LDI  R30,LOW(5)
00013c d0af      	RCALL SUBOPT_0xD
00013d d0b0      	RCALL SUBOPT_0xE
00013e 93e0 016e 	STS  _center,R30
000140 93f0 016f 	STS  _center+1,R31
                 ; 0000 00DB         PORTC=PINC&(~(1<<2));
000142 b3e3      	IN   R30,0x13
000143 7feb      	ANDI R30,0xFB
000144 bbe5      	OUT  0x15,R30
                 ; 0000 00DC         center=center-co;
000145 2fe3      	MOV  R30,R19
000146 d0a7      	RCALL SUBOPT_0xE
000147 d0ac      	RCALL SUBOPT_0x10
000148 d08a      	RCALL SUBOPT_0x8
000149 93a0 016e 	STS  _center,R26
00014b 93b0 016f 	STS  _center+1,R27
                 ; 0000 00DD         delay_us(7);
00014d d0a2      	RCALL SUBOPT_0xF
                 ; 0000 00DE  }
                 ; 0000 00DF   if(SENSOR_TYPE==1)
                 ; 0000 00E0   {
                 ; 0000 00E1         left=read_adc(3);
                 ; 0000 00E2         center=read_adc(4);
                 ; 0000 00E3         right=read_adc(5);
                 ; 0000 00E4   }
                 ; 0000 00E5   if(SENSOR_TYPE==2)
                 ; 0000 00E6   {
                 ; 0000 00E7       co=read_adc(2);//front right
                 ; 0000 00E8       right=read_adc(3);//right
                 ; 0000 00E9       left=read_adc(4);//left
                 ; 0000 00EA       center=(read_adc(5)+co)/2;//front left
                 ; 0000 00EB   }
                 ; 0000 00EC }
00014e d0e9      	RCALL __LOADLOCR4
00014f 9624      	ADIW R28,4
000150 9508      	RET
                 ;
                 ;
                 ;
                 ;void turnBack(void)
                 ; 0000 00F1 {
                 ; 0000 00F2     unsigned char i;
                 ; 0000 00F3     rightMotorOn=0;
                 ;	i -> R17
                 ; 0000 00F4           leftMotorOn=0;
                 ; 0000 00F5 
                 ; 0000 00F6     for(i=0;i<150;i++)
                 ; 0000 00F7     {
                 ; 0000 00F8 
                 ; 0000 00F9     PORTB=step[r_step];
                 ; 0000 00FA     r_step++;
                 ; 0000 00FB     if(r_step>3)r_step=0;
                 ; 0000 00FC 
                 ; 0000 00FD     PORTD=step_rev[l_step];
                 ; 0000 00FE     l_step++;
                 ; 0000 00FF     if(l_step > 3)l_step = 0;
                 ; 0000 0100 
                 ; 0000 0101         delay_ms(4);
                 ; 0000 0102     }
                 ; 0000 0103     rightMotorOn=1;
                 ; 0000 0104     leftMotorOn=1;
                 ; 0000 0105 }
                 ;void turnRight(void)
                 ; 0000 0107 {
                 _turnRight:
                 ; 0000 0108         unsigned char i;
                 ; 0000 0109 
                 ; 0000 010A     rightMotorOn=0;
000151 931a      	ST   -Y,R17
                 ;	i -> R17
000152 24cc      	CLR  R12
000153 24dd      	CLR  R13
                 ; 0000 010B           leftMotorOn=0;
000154 e0e0      	LDI  R30,LOW(0)
000155 93e0 0168 	STS  _leftMotorOn,R30
000157 93e0 0169 	STS  _leftMotorOn+1,R30
                 ; 0000 010C 
                 ; 0000 010D     for(i=0;i<75;i++)
000159 e010      	LDI  R17,LOW(0)
                 _0x23:
00015a 341b      	CPI  R17,75
00015b f480      	BRSH _0x24
                 ; 0000 010E     {
                 ; 0000 010F 
                 ; 0000 0110     PORTB=step_rev[r_step];
00015c d046      	RCALL SUBOPT_0x0
                 ; 0000 0111     r_step++;
                 ; 0000 0112     if(r_step>3)r_step=0;
00015d f408      	BRSH _0x25
00015e 2466      	CLR  R6
                 ; 0000 0113 
                 ; 0000 0114     PORTD=step[l_step];
                 _0x25:
00015f d04d      	RCALL SUBOPT_0x1
000160 5ae0      	SUBI R30,LOW(-_step)
000161 4ffe      	SBCI R31,HIGH(-_step)
000162 d04d      	RCALL SUBOPT_0x2
                 ; 0000 0115     l_step++;
                 ; 0000 0116     if(l_step > 3)l_step = 0;
000163 f408      	BRSH _0x26
000164 2477      	CLR  R7
                 ; 0000 0117 
                 ; 0000 0118         delay_ms(2);
                 _0x26:
000165 e0e2      	LDI  R30,LOW(2)
000166 e0f0      	LDI  R31,HIGH(2)
000167 93fa      	ST   -Y,R31
000168 93ea      	ST   -Y,R30
000169 d08f      	RCALL _delay_ms
                 ; 0000 0119     }
00016a 5f1f      	SUBI R17,-1
00016b cfee      	RJMP _0x23
                 _0x24:
                 ; 0000 011A     rightMotorOn=1;
00016c d075      	RCALL SUBOPT_0xB
00016d d077      	RCALL SUBOPT_0xC
                 ; 0000 011B     leftMotorOn=1;
                 ; 0000 011C }
00016e 9119      	LD   R17,Y+
00016f 9508      	RET
                 ;
                 ;void turnLeft(void)
                 ; 0000 011F {
                 ; 0000 0120     unsigned char i;
                 ; 0000 0121     rightMotorOn=0;
                 ;	i -> R17
                 ; 0000 0122           leftMotorOn=0;
                 ; 0000 0123 
                 ; 0000 0124 
                 ; 0000 0125     for(i=0;i<75;i++)
                 ; 0000 0126     {
                 ; 0000 0127 
                 ; 0000 0128     PORTB=step[r_step];
                 ; 0000 0129     r_step++;
                 ; 0000 012A     if(r_step>3)r_step=0;
                 ; 0000 012B 
                 ; 0000 012C     PORTD=step_rev[l_step];
                 ; 0000 012D     l_step++;
                 ; 0000 012E     if(l_step > 3)l_step = 0;
                 ; 0000 012F 
                 ; 0000 0130         delay_ms(4);
                 ; 0000 0131     }
                 ; 0000 0132 
                 ; 0000 0133     rightMotorOn=1;
                 ; 0000 0134     leftMotorOn=1;
                 ; 0000 0135 
                 ; 0000 0136 }
                 ;// Declare your global variables here
                 ;
                 ;void main(void)
                 ; 0000 013A {
                 _main:
                 ; 0000 013B // Declare your local variables here
                 ; 0000 013C 
                 ; 0000 013D // Input/Output Ports initialization
                 ; 0000 013E // Port B initialization
                 ; 0000 013F // Func7=In Func6=In Func5=In Func4=In Func3=Out Func2=Out Func1=Out Func0=Out
                 ; 0000 0140 // State7=T State6=T State5=T State4=T State3=0 State2=0 State1=0 State0=0
                 ; 0000 0141 PORTB=0x00;
000170 e0e0      	LDI  R30,LOW(0)
000171 bbe8      	OUT  0x18,R30
                 ; 0000 0142 DDRB=0x0F;
000172 e0ef      	LDI  R30,LOW(15)
000173 bbe7      	OUT  0x17,R30
                 ; 0000 0143 
                 ; 0000 0144 // Port C initialization
                 ; 0000 0145 // Func6=In Func5=In Func4=In Func3=In Func2=In Func1=In Func0=In
                 ; 0000 0146 // State6=T State5=T State4=T State3=T State2=T State1=T State0=T
                 ; 0000 0147 PORTC=0x00;
000174 e0e0      	LDI  R30,LOW(0)
000175 bbe5      	OUT  0x15,R30
                 ; 0000 0148 DDRC=0x00;
000176 bbe4      	OUT  0x14,R30
                 ; 0000 0149 
                 ; 0000 014A // Port D initialization
                 ; 0000 014B // Func7=Out Func6=Out Func5=Out Func4=Out Func3=In Func2=In Func1=In Func0=In
                 ; 0000 014C // State7=0 State6=0 State5=0 State4=0 State3=T State2=T State1=T State0=T
                 ; 0000 014D PORTD=0x00;
000177 bbe2      	OUT  0x12,R30
                 ; 0000 014E DDRD=0xF0;
000178 efe0      	LDI  R30,LOW(240)
000179 bbe1      	OUT  0x11,R30
                 ; 0000 014F   initialize();
00017a df6d      	RCALL _initialize
                 ; 0000 0150 // Timer/Counter 0 initialization
                 ; 0000 0151 // Clock source: System Clock
                 ; 0000 0152 // Clock value: 2000.000 kHz
                 ; 0000 0153 TCCR0=0x02;
00017b e0e2      	LDI  R30,LOW(2)
00017c bfe3      	OUT  0x33,R30
                 ; 0000 0154 TCNT0=0x00;
00017d e0e0      	LDI  R30,LOW(0)
00017e bfe2      	OUT  0x32,R30
                 ; 0000 0155 
                 ; 0000 0156 // Timer/Counter 1 initialization
                 ; 0000 0157 // Clock source: System Clock
                 ; 0000 0158 // Clock value: Timer 1 Stopped
                 ; 0000 0159 // Mode: Normal top=FFFFh
                 ; 0000 015A // OC1A output: Discon.
                 ; 0000 015B // OC1B output: Discon.
                 ; 0000 015C // Noise Canceler: Off
                 ; 0000 015D // Input Capture on Falling Edge
                 ; 0000 015E // Timer 1 Overflow Interrupt: Off
                 ; 0000 015F // Input Capture Interrupt: Off
                 ; 0000 0160 // Compare A Match Interrupt: Off
                 ; 0000 0161 // Compare B Match Interrupt: Off
                 ; 0000 0162 TCCR1A=0x00;
00017f bdef      	OUT  0x2F,R30
                 ; 0000 0163 TCCR1B=0x00;
000180 bdee      	OUT  0x2E,R30
                 ; 0000 0164 TCNT1H=0x00;
000181 bded      	OUT  0x2D,R30
                 ; 0000 0165 TCNT1L=0x00;
000182 bdec      	OUT  0x2C,R30
                 ; 0000 0166 ICR1H=0x00;
000183 bde7      	OUT  0x27,R30
                 ; 0000 0167 ICR1L=0x00;
000184 bde6      	OUT  0x26,R30
                 ; 0000 0168 OCR1AH=0x00;
000185 bdeb      	OUT  0x2B,R30
                 ; 0000 0169 OCR1AL=0x00;
000186 bdea      	OUT  0x2A,R30
                 ; 0000 016A OCR1BH=0x00;
000187 bde9      	OUT  0x29,R30
                 ; 0000 016B OCR1BL=0x00;
000188 bde8      	OUT  0x28,R30
                 ; 0000 016C 
                 ; 0000 016D // Timer/Counter 2 initialization
                 ; 0000 016E // Clock source: System Clock
                 ; 0000 016F // Clock value: 2000.000 kHz
                 ; 0000 0170 // Mode: Normal top=FFh
                 ; 0000 0171 // OC2 output: Disconnected
                 ; 0000 0172 ASSR=0x00;
000189 bde2      	OUT  0x22,R30
                 ; 0000 0173 TCCR2=0x02;
00018a e0e2      	LDI  R30,LOW(2)
00018b bde5      	OUT  0x25,R30
                 ; 0000 0174 TCNT2=0x00;
00018c e0e0      	LDI  R30,LOW(0)
00018d bde4      	OUT  0x24,R30
                 ; 0000 0175 OCR2=0x00;
00018e bde3      	OUT  0x23,R30
                 ; 0000 0176 
                 ; 0000 0177 // External Interrupt(s) initialization
                 ; 0000 0178 // INT0: Off
                 ; 0000 0179 // INT1: Off
                 ; 0000 017A MCUCR=0x00;
00018f bfe5      	OUT  0x35,R30
                 ; 0000 017B 
                 ; 0000 017C // Timer(s)/Counter(s) Interrupt(s) initialization
                 ; 0000 017D TIMSK=0x41;
000190 e4e1      	LDI  R30,LOW(65)
000191 bfe9      	OUT  0x39,R30
                 ; 0000 017E 
                 ; 0000 017F // Analog Comparator initialization
                 ; 0000 0180 // Analog Comparator: Off
                 ; 0000 0181 // Analog Comparator Input Capture by Timer/Counter 1: Off
                 ; 0000 0182 ACSR=0x80;
000192 e8e0      	LDI  R30,LOW(128)
000193 b9e8      	OUT  0x8,R30
                 ; 0000 0183 SFIOR=0x00;
000194 e0e0      	LDI  R30,LOW(0)
000195 bfe0      	OUT  0x30,R30
                 ; 0000 0184 
                 ; 0000 0185 // ADC initialization
                 ; 0000 0186 // ADC Clock frequency: 125.000 kHz
                 ; 0000 0187 // ADC Voltage Reference: Int., cap. on AREF
                 ; 0000 0188 // Only the 8 most significant bits of
                 ; 0000 0189 // the AD conversion result are used
                 ; 0000 018A ADMUX=ADC_VREF_TYPE & 0xff;
000196 eee0      	LDI  R30,LOW(224)
000197 b9e7      	OUT  0x7,R30
                 ; 0000 018B ADCSRA=0x87;
000198 e8e7      	LDI  R30,LOW(135)
000199 b9e6      	OUT  0x6,R30
                 ; 0000 018C 
                 ; 0000 018D // Global enable interrupts
                 ; 0000 018E #asm("sei")
00019a 9478      	sei
                 ; 0000 018F 
                 ; 0000 0190 while (1)
                 _0x2C:
                 ; 0000 0191       {
                 ; 0000 0192       // Place your code here
                 ; 0000 0193           if(center>90)
00019b d058      	RCALL SUBOPT_0x10
00019c 35ab      	CPI  R26,LOW(0x5B)
00019d e0e0      	LDI  R30,HIGH(0x5B)
00019e 07be      	CPC  R27,R30
00019f f008      	BRLO _0x2F
                 ; 0000 0194         turnRight();
0001a0 dfb0      	RCALL _turnRight
                 ; 0000 0195       };
                 _0x2F:
0001a1 cff9      	RJMP _0x2C
                 ; 0000 0196 }
                 _0x30:
0001a2 cfff      	RJMP _0x30
                 
                 	.DSEG
                 _step:
000160           	.BYTE 0x4
                 _step_rev:
000164           	.BYTE 0x4
                 _leftMotorOn:
000168           	.BYTE 0x2
                 _left:
00016a           	.BYTE 0x2
                 _right:
00016c           	.BYTE 0x2
                 _center:
00016e           	.BYTE 0x2
                 _error:
000170           	.BYTE 0x2
                 _error0:
000172           	.BYTE 0x2
                 _ADC_CENTER:
000174           	.BYTE 0x1
                 
                 	.CSEG
                 ;OPTIMIZER ADDED SUBROUTINE, CALLED 2 TIMES, CODE SIZE REDUCTION:8 WORDS
                 SUBOPT_0x0:
0001a3 2de6      	MOV  R30,R6
0001a4 e0f0      	LDI  R31,0
0001a5 59ec      	SUBI R30,LOW(-_step_rev)
0001a6 4ffe      	SBCI R31,HIGH(-_step_rev)
0001a7 81e0      	LD   R30,Z
0001a8 bbe8      	OUT  0x18,R30
0001a9 9463      	INC  R6
0001aa e0e3      	LDI  R30,LOW(3)
0001ab 15e6      	CP   R30,R6
0001ac 9508      	RET
                 
                 ;OPTIMIZER ADDED SUBROUTINE, CALLED 2 TIMES, CODE SIZE REDUCTION:1 WORDS
                 SUBOPT_0x1:
0001ad 2de7      	MOV  R30,R7
0001ae e0f0      	LDI  R31,0
0001af 9508      	RET
                 
                 ;OPTIMIZER ADDED SUBROUTINE, CALLED 2 TIMES, CODE SIZE REDUCTION:2 WORDS
                 SUBOPT_0x2:
0001b0 81e0      	LD   R30,Z
0001b1 bbe2      	OUT  0x12,R30
0001b2 9473      	INC  R7
0001b3 e0e3      	LDI  R30,LOW(3)
0001b4 15e7      	CP   R30,R7
0001b5 9508      	RET
                 
                 ;OPTIMIZER ADDED SUBROUTINE, CALLED 3 TIMES, CODE SIZE REDUCTION:4 WORDS
                 SUBOPT_0x3:
0001b6 91a0 016a 	LDS  R26,_left
0001b8 91b0 016b 	LDS  R27,_left+1
0001ba 9508      	RET
                 
                 ;OPTIMIZER ADDED SUBROUTINE, CALLED 2 TIMES, CODE SIZE REDUCTION:6 WORDS
                 SUBOPT_0x4:
0001bb 91e0 0174 	LDS  R30,_ADC_CENTER
0001bd e0f0      	LDI  R31,0
0001be 91a0 016c 	LDS  R26,_right
0001c0 91b0 016d 	LDS  R27,_right+1
0001c2 9508      	RET
                 
                 ;OPTIMIZER ADDED SUBROUTINE, CALLED 2 TIMES, CODE SIZE REDUCTION:3 WORDS
                 SUBOPT_0x5:
0001c3 1bea      	SUB  R30,R26
0001c4 0bfb      	SBC  R31,R27
0001c5 93e0 0170 	STS  _error,R30
0001c7 93f0 0171 	STS  _error+1,R31
0001c9 9508      	RET
                 
                 ;OPTIMIZER ADDED SUBROUTINE, CALLED 3 TIMES, CODE SIZE REDUCTION:4 WORDS
                 SUBOPT_0x6:
0001ca 91a0 016c 	LDS  R26,_right
0001cc 91b0 016d 	LDS  R27,_right+1
0001ce 9508      	RET
                 
                 ;OPTIMIZER ADDED SUBROUTINE, CALLED 2 TIMES, CODE SIZE REDUCTION:2 WORDS
                 SUBOPT_0x7:
0001cf 91e0 0174 	LDS  R30,_ADC_CENTER
0001d1 e0f0      	LDI  R31,0
0001d2 9508      	RET
                 
                 ;OPTIMIZER ADDED SUBROUTINE, CALLED 4 TIMES, CODE SIZE REDUCTION:1 WORDS
                 SUBOPT_0x8:
0001d3 1bae      	SUB  R26,R30
0001d4 0bbf      	SBC  R27,R31
0001d5 9508      	RET
                 
                 ;OPTIMIZER ADDED SUBROUTINE, CALLED 3 TIMES, CODE SIZE REDUCTION:4 WORDS
                 SUBOPT_0x9:
0001d6 91a0 0170 	LDS  R26,_error
0001d8 91b0 0171 	LDS  R27,_error+1
0001da 9508      	RET
                 
                 ;OPTIMIZER ADDED SUBROUTINE, CALLED 2 TIMES, CODE SIZE REDUCTION:3 WORDS
                 SUBOPT_0xA:
0001db 2d6a      	MOV  R22,R10
0001dc 2777      	CLR  R23
0001dd dff8      	RCALL SUBOPT_0x9
0001de e0e8      	LDI  R30,LOW(8)
0001df e0f0      	LDI  R31,HIGH(8)
0001e0 d03b      	RCALL __DIVW21
0001e1 9508      	RET
                 
                 ;OPTIMIZER ADDED SUBROUTINE, CALLED 4 TIMES, CODE SIZE REDUCTION:1 WORDS
                 SUBOPT_0xB:
0001e2 e0e1      	LDI  R30,LOW(1)
0001e3 e0f0      	LDI  R31,HIGH(1)
0001e4 9508      	RET
                 
                 ;OPTIMIZER ADDED SUBROUTINE, CALLED 2 TIMES, CODE SIZE REDUCTION:3 WORDS
                 SUBOPT_0xC:
0001e5 016f      	MOVW R12,R30
0001e6 dffb      	RCALL SUBOPT_0xB
0001e7 93e0 0168 	STS  _leftMotorOn,R30
0001e9 93f0 0169 	STS  _leftMotorOn+1,R31
0001eb 9508      	RET
                 
                 ;OPTIMIZER ADDED SUBROUTINE, CALLED 6 TIMES, CODE SIZE REDUCTION:3 WORDS
                 SUBOPT_0xD:
0001ec 93ea      	ST   -Y,R30
0001ed ceed      	RJMP _read_adc
                 
                 ;OPTIMIZER ADDED SUBROUTINE, CALLED 6 TIMES, CODE SIZE REDUCTION:8 WORDS
                 SUBOPT_0xE:
0001ee e0f0      	LDI  R31,0
0001ef 9508      	RET
                 
                 ;OPTIMIZER ADDED SUBROUTINE, CALLED 3 TIMES, CODE SIZE REDUCTION:2 WORDS
                 SUBOPT_0xF:
                +
0001f0 e285     +LDI R24 , LOW ( 37 )
                +__DELAY_USB_LOOP :
0001f1 958a     +DEC R24
0001f2 f7f1     +BRNE __DELAY_USB_LOOP
                 	__DELAY_USB 37
0001f3 9508      	RET
                 
                 ;OPTIMIZER ADDED SUBROUTINE, CALLED 2 TIMES, CODE SIZE REDUCTION:1 WORDS
                 SUBOPT_0x10:
0001f4 91a0 016e 	LDS  R26,_center
0001f6 91b0 016f 	LDS  R27,_center+1
0001f8 9508      	RET
                 
                 
                 	.CSEG
                 _delay_ms:
0001f9 91e9      	ld   r30,y+
0001fa 91f9      	ld   r31,y+
0001fb 9630      	adiw r30,0
0001fc f039      	breq __delay_ms1
                 __delay_ms0:
                +
0001fd ea80     +LDI R24 , LOW ( 0xFA0 )
0001fe e09f     +LDI R25 , HIGH ( 0xFA0 )
                +__DELAY_USW_LOOP :
0001ff 9701     +SBIW R24 , 1
000200 f7f1     +BRNE __DELAY_USW_LOOP
                 	__DELAY_USW 0xFA0
000201 95a8      	wdr
000202 9731      	sbiw r30,1
000203 f7c9      	brne __delay_ms0
                 __delay_ms1:
000204 9508      	ret
                 
                 __ANEGW1:
000205 95f1      	NEG  R31
000206 95e1      	NEG  R30
000207 40f0      	SBCI R31,0
000208 9508      	RET
                 
                 __DIVW21U:
000209 2400      	CLR  R0
00020a 2411      	CLR  R1
00020b e190      	LDI  R25,16
                 __DIVW21U1:
00020c 0faa      	LSL  R26
00020d 1fbb      	ROL  R27
00020e 1c00      	ROL  R0
00020f 1c11      	ROL  R1
000210 1a0e      	SUB  R0,R30
000211 0a1f      	SBC  R1,R31
000212 f418      	BRCC __DIVW21U2
000213 0e0e      	ADD  R0,R30
000214 1e1f      	ADC  R1,R31
000215 c001      	RJMP __DIVW21U3
                 __DIVW21U2:
000216 60a1      	SBR  R26,1
                 __DIVW21U3:
000217 959a      	DEC  R25
000218 f799      	BRNE __DIVW21U1
000219 01fd      	MOVW R30,R26
00021a 01d0      	MOVW R26,R0
00021b 9508      	RET
                 
                 __DIVW21:
00021c d004      	RCALL __CHKSIGNW
00021d dfeb      	RCALL __DIVW21U
00021e f40e      	BRTC __DIVW211
00021f dfe5      	RCALL __ANEGW1
                 __DIVW211:
000220 9508      	RET
                 
                 __CHKSIGNW:
000221 94e8      	CLT
000222 fff7      	SBRS R31,7
000223 c002      	RJMP __CHKSW1
000224 dfe0      	RCALL __ANEGW1
000225 9468      	SET
                 __CHKSW1:
000226 ffb7      	SBRS R27,7
000227 c006      	RJMP __CHKSW2
000228 95a0      	COM  R26
000229 95b0      	COM  R27
00022a 9611      	ADIW R26,1
00022b f800      	BLD  R0,0
00022c 9403      	INC  R0
00022d fa00      	BST  R0,0
                 __CHKSW2:
00022e 9508      	RET
                 
                 __CPW02:
00022f 2400      	CLR  R0
000230 160a      	CP   R0,R26
000231 060b      	CPC  R0,R27
000232 9508      	RET
                 
                 __SAVELOCR4:
000233 933a      	ST   -Y,R19
                 __SAVELOCR3:
000234 932a      	ST   -Y,R18
                 __SAVELOCR2:
000235 931a      	ST   -Y,R17
000236 930a      	ST   -Y,R16
000237 9508      	RET
                 
                 __LOADLOCR4:
000238 813b      	LDD  R19,Y+3
                 __LOADLOCR3:
000239 812a      	LDD  R18,Y+2
                 __LOADLOCR2:
00023a 8119      	LDD  R17,Y+1
00023b 8108      	LD   R16,Y
00023c 9508      	RET
                 
                 ;END OF CODE MARKER
                 __END_OF_CODE:


RESOURCE USE INFORMATION
------------------------

Notice:
The register and instruction counts are symbol table hit counts,
and hence implicitly used resources are not counted, eg, the
'lpm' instruction without operands implicitly uses r0 and z,
none of which are counted.

x,y,z are separate entities in the symbol table and are
counted separately from r26..r31 here.

.dseg memory usage only counts static data declared with .byte

ATmega8 register use summary:
r0 :  21 r1 :   7 r2 :   0 r3 :   0 r4 :   3 r5 :   3 r6 :   6 r7 :   6 
r8 :   4 r9 :   4 r10:   3 r11:   4 r12:   3 r13:   2 r14:   0 r15:   2 
r16:   5 r17:   7 r18:   5 r19:   5 r20:   0 r21:   0 r22:   7 r23:   3 
r24:  15 r25:   7 r26:  35 r27:  22 r28:   3 r29:   1 r30: 167 r31:  41 
x  :   3 y  :  48 z  :   9 
Registers used: 30 out of 35 (85.7%)

ATmega8 instruction use summary:
adc   :   2 add   :   3 adiw  :   4 and   :   0 andi  :   3 asr   :   0 
bclr  :   0 bld   :   1 brbc  :   0 brbs  :   0 brcc  :   1 brcs  :   0 
break :   0 breq  :   2 brge  :   1 brhc  :   0 brhs  :   0 brid  :   0 
brie  :   0 brlo  :   2 brlt  :   0 brmi  :   0 brne  :  10 brpl  :   1 
brsh  :   9 brtc  :   1 brts  :   0 brvc  :   0 brvs  :   0 bset  :   0 
bst   :   1 cbi   :   0 cbr   :   0 clc   :   0 clh   :   0 cli   :   1 
cln   :   0 clr   :  20 cls   :   0 clt   :   1 clv   :   0 clz   :   0 
com   :   2 cp    :   6 cpc   :   2 cpi   :   2 cpse  :   0 dec   :   4 
des   :   0 eor   :   0 fmul  :   0 fmuls :   0 fmulsu:   0 icall :   0 
ijmp  :   0 in    :   9 inc   :   6 ld    :  23 ldd   :   3 ldi   :  58 
lds   :  23 lpm   :   7 lsl   :   1 lsr   :   1 mov   :  14 movw  :  10 
mul   :   0 muls  :   0 mulsu :   0 neg   :   2 nop   :   0 or    :   1 
ori   :   4 out   :  47 pop   :   0 push  :   0 rcall :  60 ret   :  28 
reti  :   2 rjmp  :  35 rol   :   3 ror   :   1 sbc   :   3 sbci  :   4 
sbi   :   2 sbic  :   0 sbis  :   1 sbiw  :   8 sbr   :   1 sbrc  :   0 
sbrs  :   2 sec   :   0 seh   :   0 sei   :   1 sen   :   0 ser   :   0 
ses   :   0 set   :   1 sev   :   0 sez   :   0 sleep :   0 spm   :   0 
st    :  27 std   :   0 sts   :  29 sub   :   4 subi  :   4 swap  :   0 
tst   :   1 wdr   :   1 
Instructions used: 58 out of 110 (52.7%)

ATmega8 memory use summary [bytes]:
Segment   Begin    End      Code   Data   Used    Size   Use%
---------------------------------------------------------------
[.cseg] 0x000000 0x00047a   1116     30   1146    8192  14.0%
[.dseg] 0x000060 0x000175      0     21     21    1024   2.1%
[.eseg] 0x000000 0x000000      0      0      0     512   0.0%

Assembly complete, 0 errors, 10 warnings
