RAM Allocation
Variable                                                          Address   Size
--------------------------------------------------------------------------------
step                                                              0160h        4
step_rev                                                          0164h        4
rightMotorOn                                                      0168h        2
leftMotorOn                                                       016Ah        2
left                                                              016Ch        2
right                                                             016Eh        2
center                                                            0170h        2
steps_remaining                                                   0172h        2
steps_taken                                                       0174h        2
wall_infoL                                                        0176h        2
wall_infoR                                                        0178h        2
wall_infoF                                                        017Ah        2
wall                                                              017Ch        3
error                                                             017Fh        2
MOTOR_DELAY                                                       0181h        1
_base_y                                                           0182h        4
_lcd_x                                                            0186h        1
_lcd_y                                                            0187h        1
_lcd_maxx                                                         0188h        1
p                                                                 0189h        2

EEPROM Allocation
Variable                                                          Address   Size
--------------------------------------------------------------------------------

Register Allocation
Variable                                                          Register  Size
--------------------------------------------------------------------------------
l_overflow                                                        R5           1
r_overflow                                                        R4           1
l_step                                                            R7           1
r_step                                                            R6           1
x                                                                 R9           1
y                                                                 R8           1
z                                                                 R11          1
accCounter                                                        R10          1
dirR                                                              R13          1
dirL                                                              R12          1
